[2m17:05:28[22m [34m[content][39m Syncing content
[2m17:05:28[22m [34m[content][39m Synced content
[2m17:05:28[22m [34m[types][39m Generated [2m36ms[22m
[2m17:05:28[22m [34m[check][39m Getting diagnostics for Astro files in C:\Users\filip\Webisko\_KLIENCI\Natalia Potocka\natalia-potocka...
[96msrc/components/Breadcrumbs.astro[0m:[93m8[0m:[93m25[0m - [93mwarning[0m[90m ts(7044): [0mParameter 'index' implicitly has an 'any' type, but a better type may be inferred from usage.

[7m8[0m       {items.map((item, index) => (
[7m [0m [93m                        ~~~~~[0m
[96msrc/components/Breadcrumbs.astro[0m:[93m8[0m:[93m19[0m - [93mwarning[0m[90m ts(7044): [0mParameter 'item' implicitly has an 'any' type, but a better type may be inferred from usage.

[7m8[0m       {items.map((item, index) => (
[7m [0m [93m                  ~~~~[0m
[96msrc/components/Breadcrumbs.astro[0m:[93m2[0m:[93m49[0m - [93mwarning[0m[90m ts(7044): [0mParameter 'item' implicitly has an 'any' type, but a better type may be inferred from usage.

[7m2[0m const items = (Astro.props.items || []).filter((item) => item?.name);
[7m [0m [93m                                                ~~~~[0m

[96msrc/components/home/HomeSections.astro[0m:[93m13[0m:[93m7[0m - [93mwarning[0m[90m ts(6133): [0m'courseIconBlobClass' is declared but its value is never read.

[7m13[0m const courseIconBlobClass = 'flex h-11 w-11 flex-shrink-0 items-center justify-center rounded-[34%_66%_58%_42%/53%_37%_63%_47%] bg-gold/10 text-gold transition-all duration-300 group-hover:scale-105 group-hover:bg-terracotta group-hover:text-white';
[7m  [0m [93m      ~~~~~~~~~~~~~~~~~~~[0m

[96msrc/components/home/ReviewsShowcase.astro[0m:[93m49[0m:[93m31[0m - [93mwarning[0m[90m ts(7044): [0mParameter 'index' implicitly has an 'any' type, but a better type may be inferred from usage.

[7m49[0m         {reviews.map((review, index) => (
[7m  [0m [93m                              ~~~~~[0m
[96msrc/components/home/ReviewsShowcase.astro[0m:[93m49[0m:[93m23[0m - [93mwarning[0m[90m ts(7044): [0mParameter 'review' implicitly has an 'any' type, but a better type may be inferred from usage.

[7m49[0m         {reviews.map((review, index) => (
[7m  [0m [93m                      ~~~~~~[0m

[96msrc/components/pages/OfferPageContent.astro[0m:[93m119[0m:[93m31[0m - [93mwarning[0m[90m ts(7044): [0mParameter 'product' implicitly has an 'any' type, but a better type may be inferred from usage.

[7m119[0m         {digitalProducts.map((product) => (
[7m   [0m [93m                              ~~~~~~~[0m
[96msrc/components/pages/OfferPageContent.astro[0m:[93m81[0m:[93m40[0m - [93mwarning[0m[90m ts(7044): [0mParameter 'index' implicitly has an 'any' type, but a better type may be inferred from usage.

[7m81[0m         {serviceProducts.map((product, index) => (
[7m  [0m [93m                                       ~~~~~[0m
[96msrc/components/pages/OfferPageContent.astro[0m:[93m81[0m:[93m31[0m - [93mwarning[0m[90m ts(7044): [0mParameter 'product' implicitly has an 'any' type, but a better type may be inferred from usage.

[7m81[0m         {serviceProducts.map((product, index) => (
[7m  [0m [93m                              ~~~~~~~[0m

[96msrc/components/product/CourseProductTemplate.astro[0m:[93m98[0m:[93m50[0m - [93mwarning[0m[90m ts(7044): [0mParameter 'lesson' implicitly has an 'any' type, but a better type may be inferred from usage.

[7m98[0m                     {(module.lessons || []).map((lesson) => (
[7m  [0m [93m                                                 ~~~~~~[0m
[96msrc/components/product/CourseProductTemplate.astro[0m:[93m85[0m:[93m29[0m - [93mwarning[0m[90m ts(7044): [0mParameter 'module' implicitly has an 'any' type, but a better type may be inferred from usage.

[7m85[0m               {modules.map((module) => (
[7m  [0m [93m                            ~~~~~~[0m
[96msrc/components/product/CourseProductTemplate.astro[0m:[93m11[0m:[93m43[0m - [93mwarning[0m[90m ts(7044): [0mParameter 'module' implicitly has an 'any' type, but a better type may be inferred from usage.

[7m11[0m const totalLessons = modules.reduce((sum, module) => sum + (module.lessons?.length || 0), 0);
[7m  [0m [93m                                          ~~~~~~[0m
[96msrc/components/product/CourseProductTemplate.astro[0m:[93m11[0m:[93m38[0m - [93mwarning[0m[90m ts(7044): [0mParameter 'sum' implicitly has an 'any' type, but a better type may be inferred from usage.

[7m11[0m const totalLessons = modules.reduce((sum, module) => sum + (module.lessons?.length || 0), 0);
[7m  [0m [93m                                     ~~~[0m

[96msrc/components/product/DigitalProductTemplate.astro[0m:[93m223[0m:[93m47[0m - [93mwarning[0m[90m ts(7044): [0mParameter 'index' implicitly has an 'any' type, but a better type may be inferred from usage.

[7m223[0m         {relatedProducts.map((relatedProduct, index) => (
[7m   [0m [93m                                              ~~~~~[0m
[96msrc/components/product/DigitalProductTemplate.astro[0m:[93m223[0m:[93m31[0m - [93mwarning[0m[90m ts(7044): [0mParameter 'relatedProduct' implicitly has an 'any' type, but a better type may be inferred from usage.

[7m223[0m         {relatedProducts.map((relatedProduct, index) => (
[7m   [0m [93m                              ~~~~~~~~~~~~~~[0m
[96msrc/components/product/DigitalProductTemplate.astro[0m:[93m165[0m:[93m34[0m - [93mwarning[0m[90m ts(7044): [0mParameter 'index' implicitly has an 'any' type, but a better type may be inferred from usage.

[7m165[0m         {benefitCards.map((card, index) => (
[7m   [0m [93m                                 ~~~~~[0m
[96msrc/components/product/DigitalProductTemplate.astro[0m:[93m165[0m:[93m28[0m - [93mwarning[0m[90m ts(7044): [0mParameter 'card' implicitly has an 'any' type, but a better type may be inferred from usage.

[7m165[0m         {benefitCards.map((card, index) => (
[7m   [0m [93m                           ~~~~[0m
[96msrc/components/product/DigitalProductTemplate.astro[0m:[93m24[0m:[93m12[0m - [93mwarning[0m[90m ts(7044): [0mParameter 'candidate' implicitly has an 'any' type, but a better type may be inferred from usage.

[7m24[0m   .filter((candidate) => candidate.slug !== product.slug && candidate.type !== 'service' && candidate.type !== 'course')
[7m  [0m [93m           ~~~~~~~~~[0m

[96msrc/components/product/ServiceProductTemplate.astro[0m:[93m166[0m:[93m49[0m - [93mwarning[0m[90m ts(7044): [0mParameter 'i' implicitly has an 'any' type, but a better type may be inferred from usage.

[7m166[0m           {content.process.sessions.map((stage, i) => {
[7m   [0m [93m                                                ~[0m
[96msrc/components/product/ServiceProductTemplate.astro[0m:[93m166[0m:[93m42[0m - [93mwarning[0m[90m ts(7044): [0mParameter 'stage' implicitly has an 'any' type, but a better type may be inferred from usage.

[7m166[0m           {content.process.sessions.map((stage, i) => {
[7m   [0m [93m                                         ~~~~~[0m
[96msrc/components/product/ServiceProductTemplate.astro[0m:[93m124[0m:[93m40[0m - [93mwarning[0m[90m ts(7044): [0mParameter 'index' implicitly has an 'any' type, but a better type may be inferred from usage.

[7m124[0m           {content.benefits.map((card, index) => (
[7m   [0m [93m                                       ~~~~~[0m
[96msrc/components/product/ServiceProductTemplate.astro[0m:[93m124[0m:[93m34[0m - [93mwarning[0m[90m ts(7044): [0mParameter 'card' implicitly has an 'any' type, but a better type may be inferred from usage.

[7m124[0m           {content.benefits.map((card, index) => (
[7m   [0m [93m                                 ~~~~[0m
[96msrc/components/product/ServiceProductTemplate.astro[0m:[93m98[0m:[93m60[0m - [93mwarning[0m[90m ts(7044): [0mParameter 'p' implicitly has an 'any' type, but a better type may be inferred from usage.

[7m98[0m                 {content.diagnosis.intro.split('\n\n').map(p => (
[7m  [0m [93m                                                           ~[0m
[96msrc/components/product/ServiceProductTemplate.astro[0m:[93m24[0m:[93m7[0m - [93mwarning[0m[90m ts(6133): [0m'isConsultationService' is declared but its value is never read.

[7m24[0m const isConsultationService = product.slug === 'konsultacja-indywidualna';
[7m  [0m [93m      ~~~~~~~~~~~~~~~~~~~~~[0m
[96msrc/components/product/ServiceProductTemplate.astro[0m:[93m23[0m:[93m7[0m - [93mwarning[0m[90m ts(6133): [0m'isTraumaService' is declared but its value is never read.

[7m23[0m const isTraumaService = product.slug === 'uzdrowienie-traumy-porodowej';
[7m  [0m [93m      ~~~~~~~~~~~~~~~[0m

[96msrc/components/SiteHeader.astro[0m:[93m387[0m:[93m9[0m - [91merror[0m[90m ts(2304): [0mCannot find name 'loginSubmit'.

[7m387[0m         loginSubmit.removeAttribute('disabled');
[7m   [0m [91m        ~~~~~~~~~~~[0m
[96msrc/components/SiteHeader.astro[0m:[93m384[0m:[93m59[0m - [91merror[0m[90m ts(2304): [0mCannot find name 'error'.

[7m384[0m         loginError.textContent = error instanceof Error ? error.message : 'Nie uda┼éo si─Ö zalogowa─ç. Sprawd┼║ adres e-mail i has┼éo.';
[7m   [0m [91m                                                          ~~~~~[0m
[96msrc/components/SiteHeader.astro[0m:[93m384[0m:[93m34[0m - [91merror[0m[90m ts(2304): [0mCannot find name 'error'.

[7m384[0m         loginError.textContent = error instanceof Error ? error.message : 'Nie uda┼éo si─Ö zalogowa─ç. Sprawd┼║ adres e-mail i has┼éo.';
[7m   [0m [91m                                 ~~~~~[0m
[96msrc/components/SiteHeader.astro[0m:[93m384[0m:[93m9[0m - [91merror[0m[90m ts(2304): [0mCannot find name 'loginError'.

[7m384[0m         loginError.textContent = error instanceof Error ? error.message : 'Nie uda┼éo si─Ö zalogowa─ç. Sprawd┼║ adres e-mail i has┼éo.';
[7m   [0m [91m        ~~~~~~~~~~[0m
[96msrc/components/SiteHeader.astro[0m:[93m370[0m:[93m13[0m - [91merror[0m[90m ts(2304): [0mCannot find name 'email'.

[7m370[0m             email: loginEmail.value,
[7m   [0m [91m            ~~~~~[0m
[96msrc/components/SiteHeader.astro[0m:[93m366[0m:[93m11[0m - [91merror[0m[90m ts(2304): [0mCannot find name 'method'.

[7m366[0m           method: 'POST',
[7m   [0m [91m          ~~~~~~[0m
[96msrc/components/SiteHeader.astro[0m:[93m346[0m:[93m63[0m - [91merror[0m[90m ts(2304): [0mCannot find name 'passive'.

[7m346[0m     window.addEventListener('resize', handleViewportChange, { passive: true });
[7m   [0m [91m                                                              ~~~~~~~[0m
[96msrc/components/SiteHeader.astro[0m:[93m345[0m:[93m53[0m - [91merror[0m[90m ts(2304): [0mCannot find name 'passive'.

[7m345[0m     window.addEventListener('scroll', syncHeader, { passive: true });
[7m   [0m [91m                                                    ~~~~~~~[0m
[96msrc/components/SiteHeader.astro[0m:[93m341[0m:[93m9[0m - [91merror[0m[90m ts(2304): [0mCannot find name 'closeMobileMenu'.

[7m341[0m         closeMobileMenu();
[7m   [0m [91m        ~~~~~~~~~~~~~~~[0m
[96msrc/components/SiteHeader.astro[0m:[93m335[0m:[93m9[0m - [91merror[0m[90m ts(2304): [0mCannot find name 'renderLoggedOut'.

[7m335[0m         renderLoggedOut();
[7m   [0m [91m        ~~~~~~~~~~~~~~~[0m
[96msrc/components/SiteHeader.astro[0m:[93m329[0m:[93m11[0m - [91merror[0m[90m ts(2304): [0mCannot find name 'renderLoggedOut'.

[7m329[0m           renderLoggedOut();
[7m   [0m [91m          ~~~~~~~~~~~~~~~[0m
[96msrc/components/SiteHeader.astro[0m:[93m327[0m:[93m56[0m - [91merror[0m[90m ts(2304): [0mCannot find name 'credentials'.

[7m327[0m         const response = await fetch('/api/auth/me', { credentials: 'include' });
[7m   [0m [91m                                                       ~~~~~~~~~~~[0m
[96msrc/components/SiteHeader.astro[0m:[93m311[0m:[93m22[0m - [91merror[0m[90m ts(2304): [0mCannot find name 'panelHref'.

[7m311[0m           <a href="${panelHref}" class="group flex h-10 w-10 items-center justify-center border border-mauve/10 bg-white/70 transition-all duration-500 hover:border-terracotta hover:bg-terracotta/10" style="border-radius: 42% 58% 63% 37% / 38% 54% 46% 62%;" title="Moje konto">
[7m   [0m [91m                     ~~~~~~~~~[0m
[96msrc/components/SiteHeader.astro[0m:[93m310[0m:[93m9[0m - [91merror[0m[90m ts(2304): [0mCannot find name 'mobileAuthContainer'.

[7m310[0m         mobileAuthContainer.innerHTML = `
[7m   [0m [91m        ~~~~~~~~~~~~~~~~~~~[0m
[96msrc/components/SiteHeader.astro[0m:[93m295[0m:[93m22[0m - [91merror[0m[90m ts(2304): [0mCannot find name 'panelHref'.

[7m295[0m           <a href="${panelHref}" class="group flex h-10 w-10 items-center justify-center border border-mauve/10 transition-all duration-500 hover:border-terracotta hover:bg-terracotta/10" style="border-radius: 42% 58% 63% 37% / 38% 54% 46% 62%;" title="Moje konto">
[7m   [0m [91m                     ~~~~~~~~~[0m
[96msrc/components/SiteHeader.astro[0m:[93m293[0m:[93m9[0m - [91merror[0m[90m ts(2304): [0mCannot find name 'desktopAuthContainer'.

[7m293[0m         desktopAuthContainer.innerHTML = `
[7m   [0m [91m        ~~~~~~~~~~~~~~~~~~~~[0m
[96msrc/components/SiteHeader.astro[0m:[93m285[0m:[93m41[0m - [91merror[0m[90m ts(2304): [0mCannot find name 'loggedOutMobileMarkup'.

[7m285[0m         mobileAuthContainer.innerHTML = loggedOutMobileMarkup;
[7m   [0m [91m                                        ~~~~~~~~~~~~~~~~~~~~~[0m
[96msrc/components/SiteHeader.astro[0m:[93m285[0m:[93m9[0m - [91merror[0m[90m ts(2304): [0mCannot find name 'mobileAuthContainer'.

[7m285[0m         mobileAuthContainer.innerHTML = loggedOutMobileMarkup;
[7m   [0m [91m        ~~~~~~~~~~~~~~~~~~~[0m
[96msrc/components/SiteHeader.astro[0m:[93m282[0m:[93m42[0m - [91merror[0m[90m ts(2304): [0mCannot find name 'loggedOutDesktopMarkup'.

[7m282[0m         desktopAuthContainer.innerHTML = loggedOutDesktopMarkup;
[7m   [0m [91m                                         ~~~~~~~~~~~~~~~~~~~~~~[0m
[96msrc/components/SiteHeader.astro[0m:[93m282[0m:[93m9[0m - [91merror[0m[90m ts(2304): [0mCannot find name 'desktopAuthContainer'.

[7m282[0m         desktopAuthContainer.innerHTML = loggedOutDesktopMarkup;
[7m   [0m [91m        ~~~~~~~~~~~~~~~~~~~~[0m
[96msrc/components/SiteHeader.astro[0m:[93m276[0m:[93m79[0m - [91merror[0m[90m ts(2304): [0mCannot find name 'openLoginModal'.

[7m276[0m       document.getElementById('login-open-button')?.addEventListener('click', openLoginModal);
[7m   [0m [91m                                                                              ~~~~~~~~~~~~~~[0m
[96msrc/components/SiteHeader.astro[0m:[93m254[0m:[93m9[0m - [91merror[0m[90m ts(2304): [0mCannot find name 'loginError'.

[7m254[0m         loginError.textContent = '';
[7m   [0m [91m        ~~~~~~~~~~[0m
[96msrc/components/SiteHeader.astro[0m:[93m239[0m:[93m27[0m - [91merror[0m[90m ts(2304): [0mCannot find name 'isMobileMenuOpen'.

[7m239[0m       isMobileMenuOpen = !isMobileMenuOpen;
[7m   [0m [91m                          ~~~~~~~~~~~~~~~~[0m
[96msrc/components/SiteHeader.astro[0m:[93m239[0m:[93m7[0m - [91merror[0m[90m ts(2304): [0mCannot find name 'isMobileMenuOpen'.

[7m239[0m       isMobileMenuOpen = !isMobileMenuOpen;
[7m   [0m [91m      ~~~~~~~~~~~~~~~~[0m
[96msrc/components/SiteHeader.astro[0m:[93m59[0m:[93m253[0m - [91merror[0m[90m ts(2304): [0mCannot find name 'hidden'.

[7m59[0m               <span class="circle absolute left-0 top-0 z-0 block h-[54px] w-[54px] rounded-[40%_60%_70%_30%/40%_50%_60%_50%] bg-gold transition-all duration-500 ease-[cubic-bezier(0.65,0,0.076,1)] group-hover:w-full group-hover:rounded-[1.7rem]" aria-hidden="true">
[7m  [0m [91m                                                                                                                                                                                                                                                            ~~~~~~[0m
[96msrc/components/SiteHeader.astro[0m:[93m59[0m:[93m248[0m - [91merror[0m[90m ts(2364): [0mThe left-hand side of an assignment expression must be a variable or a property access.

[7m59[0m               <span class="circle absolute left-0 top-0 z-0 block h-[54px] w-[54px] rounded-[40%_60%_70%_30%/40%_50%_60%_50%] bg-gold transition-all duration-500 ease-[cubic-bezier(0.65,0,0.076,1)] group-hover:w-full group-hover:rounded-[1.7rem]" aria-hidden="true">
[7m  [0m [91m                                                                                                                                                                                                                                                       ~~~~~~~~~~~[0m
[96msrc/components/SiteHeader.astro[0m:[93m59[0m:[93m248[0m - [91merror[0m[90m ts(2304): [0mCannot find name 'aria'.

[7m59[0m               <span class="circle absolute left-0 top-0 z-0 block h-[54px] w-[54px] rounded-[40%_60%_70%_30%/40%_50%_60%_50%] bg-gold transition-all duration-500 ease-[cubic-bezier(0.65,0,0.076,1)] group-hover:w-full group-hover:rounded-[1.7rem]" aria-hidden="true">
[7m  [0m [91m                                                                                                                                                                                                                                                       ~~~~[0m
[96msrc/components/SiteHeader.astro[0m:[93m59[0m:[93m21[0m - [91merror[0m[90m ts(2364): [0mThe left-hand side of an assignment expression must be a variable or a property access.

[7m59[0m               <span class="circle absolute left-0 top-0 z-0 block h-[54px] w-[54px] rounded-[40%_60%_70%_30%/40%_50%_60%_50%] bg-gold transition-all duration-500 ease-[cubic-bezier(0.65,0,0.076,1)] group-hover:w-full group-hover:rounded-[1.7rem]" aria-hidden="true">
[7m  [0m [91m                    ~~~~~[0m
[96msrc/components/SiteHeader.astro[0m:[93m59[0m:[93m16[0m - [91merror[0m[90m ts(2304): [0mCannot find name 'span'.

[7m59[0m               <span class="circle absolute left-0 top-0 z-0 block h-[54px] w-[54px] rounded-[40%_60%_70%_30%/40%_50%_60%_50%] bg-gold transition-all duration-500 ease-[cubic-bezier(0.65,0,0.076,1)] group-hover:w-full group-hover:rounded-[1.7rem]" aria-hidden="true">
[7m  [0m [91m               ~~~~[0m
[96msrc/components/SiteHeader.astro[0m:[93m58[0m:[93m15[0m - [91merror[0m[90m ts(2364): [0mThe left-hand side of an assignment expression must be a variable or a property access.

[7m58[0m               'group relative inline-flex h-[54px] min-w-[14rem] w-auto cursor-pointer items-center justify-start border-0 outline-none">
[7m  [0m [91m              ~~~~~~~~~~~~~~~~~~~~~~~~~~~~~~~~~~~~~~~~~~~~~~~~~~~~~~~~~~~~~~~~~~~~~~~~~~~~~~~~~~~~~~~~~~~~~~~~~~~~~~~~~~~~~~~~~~~~~~~~~~~[0m
[7m59[0m               <span class="circle absolute left-0 top-0 z-0 block h-[54px] w-[54px] rounded-[40%_60%_70%_30%/40%_50%_60%_50%] bg-gold transition-all duration-500 ease-[cubic-bezier(0.65,0,0.076,1)] group-hover:w-full group-hover:rounded-[1.7rem]" aria-hidden="true">
[7m  [0m [91m~~~~~~~~~~~~~~~~~~~[0m
[96msrc/components/SiteHeader.astro[0m:[93m57[0m:[93m31[0m - [91merror[0m[90m ts(2488): [0mType 'boolean' must have a '[Symbol.iterator]()' method that returns an iterator.

[7m57[0m             <span class:list={[
[7m  [0m [91m                              ~[0m
[7m58[0m               'group relative inline-flex h-[54px] min-w-[14rem] w-auto cursor-pointer items-center justify-start border-0 outline-none">
[7m  [0m [91m~~~~~~~~~~~~~~~~~~~~~~~~~~~~~~~~~~~~~~~~~~~~~~~~~~~~~~~~~~~~~~~~~~~~~~~~~~~~~~~~~~~~~~~~~~~~~~~~~~~~~~~~~~~~~~~~~~~~~~~~~~~~~~~~~~~~~~~~~[0m
[7m59[0m               <span class="circle absolute left-0 top-0 z-0 block h-[54px] w-[54px] rounded-[40%_60%_70%_30%/40%_50%_60%_50%] bg-gold transition-all duration-500 ease-[cubic-bezier(0.65,0,0.076,1)] group-hover:w-full group-hover:rounded-[1.7rem]" aria-hidden="true">
[7m  [0m [91m~~~~~~~~~~~~~~~~~~~~~~~~~~~~~~~~~~~~~~~~~~~~~~~~~~~~~~~~~~~~~~~~~~~~~~~~~~~~~~~~~~~~~~~~~~~~~~~~~~~~~~~~~~~~~~~~~~~~~~~~~~~~~~~~~~~~~~~~~~~~~~~~~~~~~~~~~~~~~~~~~~~~~~~~~~~~~~~~~~~~~~~~~~~~~~~~~~~~~~~~~~~~~~~~~~~~~~~~~~~~~~~~~~~~~~~~~~~~~~~~~~~~~~~~~~~~~~~~~~[0m
[96msrc/components/SiteHeader.astro[0m:[93m57[0m:[93m19[0m - [91merror[0m[90m ts(2322): [0mType 'boolean' is not assignable to type 'string | Record<string, boolean> | Record<any, any> | Iterable<string> | Iterable<any>'.

[7m57[0m             <span class:list={[
[7m  [0m [91m                  ~~~~~~~~~~[0m
[96msrc/components/SiteHeader.astro[0m:[93m357[0m:[93m7[0m - [93mwarning[0m[90m ts(6385): [0m'event' is deprecated.

[7m357[0m       event.preventDefault();
[7m   [0m [93m      ~~~~~[0m
[96msrc/components/SiteHeader.astro[0m:[93m5[0m:[93m24[0m - [93mwarning[0m[90m ts(7044): [0mParameter 'value' implicitly has an 'any' type, but a better type may be inferred from usage.

[7m5[0m const normalizePath = (value) => {
[7m [0m [93m                       ~~~~~[0m
[96msrc/components/SiteHeader.astro[0m:[93m394[0m:[93m1[0m - [91merror[0m[90m ts(1128): [0mDeclaration or statement expected.

[7m394[0m </>
[7m   [0m [91m~~[0m
[96msrc/components/SiteHeader.astro[0m:[93m390[0m:[93m5[0m - [91merror[0m[90m ts(1381): [0mUnexpected token. Did you mean `{'}'}` or `&rbrace;`?

[7m390[0m     });
[7m   [0m [91m    ~[0m
[96msrc/components/SiteHeader.astro[0m:[93m389[0m:[93m7[0m - [91merror[0m[90m ts(1381): [0mUnexpected token. Did you mean `{'}'}` or `&rbrace;`?

[7m389[0m       }
[7m   [0m [91m      ~[0m
[96msrc/components/SiteHeader.astro[0m:[93m387[0m:[93m48[0m - [91merror[0m[90m ts(1005): [0m'}' expected.

[7m387[0m         loginSubmit.removeAttribute('disabled');
[7m   [0m [91m                                               ~[0m
[96msrc/components/SiteHeader.astro[0m:[93m386[0m:[93m7[0m - [91merror[0m[90m ts(1381): [0mUnexpected token. Did you mean `{'}'}` or `&rbrace;`?

[7m386[0m       } finally {
[7m   [0m [91m      ~[0m
[96msrc/components/SiteHeader.astro[0m:[93m384[0m:[93m131[0m - [91merror[0m[90m ts(1005): [0m'}' expected.

[7m384[0m         loginError.textContent = error instanceof Error ? error.message : 'Nie uda┼éo si─Ö zalogowa─ç. Sprawd┼║ adres e-mail i has┼éo.';
[7m   [0m [91m                                                                                                                                  ~[0m
[96msrc/components/SiteHeader.astro[0m:[93m383[0m:[93m7[0m - [91merror[0m[90m ts(1381): [0mUnexpected token. Did you mean `{'}'}` or `&rbrace;`?

[7m383[0m       } catch (error) {
[7m   [0m [91m      ~[0m
[96msrc/components/SiteHeader.astro[0m:[93m377[0m:[93m9[0m - [91merror[0m[90m ts(1381): [0mUnexpected token. Did you mean `{'}'}` or `&rbrace;`?

[7m377[0m         }
[7m   [0m [91m        ~[0m
[96msrc/components/SiteHeader.astro[0m:[93m376[0m:[93m11[0m - [91merror[0m[90m ts(1109): [0mExpression expected.

[7m376[0m           throw new Error(payload.error || 'Nie uda┼éo si─Ö zalogowa─ç. Sprawd┼║ adres e-mail i has┼éo.');
[7m   [0m [91m          ~~~~~[0m
[96msrc/components/SiteHeader.astro[0m:[93m374[0m:[93m57[0m - [91merror[0m[90m ts(1382): [0mUnexpected token. Did you mean `{'>'}` or `&gt;`?

[7m374[0m         const payload = await response.json().catch(() => ({}));
[7m   [0m [91m                                                        ~[0m
[96msrc/components/SiteHeader.astro[0m:[93m373[0m:[93m9[0m - [91merror[0m[90m ts(1381): [0mUnexpected token. Did you mean `{'}'}` or `&rbrace;`?

[7m373[0m         });
[7m   [0m [91m        ~[0m
[96msrc/components/SiteHeader.astro[0m:[93m372[0m:[93m11[0m - [91merror[0m[90m ts(1381): [0mUnexpected token. Did you mean `{'}'}` or `&rbrace;`?

[7m372[0m           }),
[7m   [0m [91m          ~[0m
[96msrc/components/SiteHeader.astro[0m:[93m370[0m:[93m18[0m - [91merror[0m[90m ts(1005): [0m'}' expected.

[7m370[0m             email: loginEmail.value,
[7m   [0m [91m                 ~[0m
[96msrc/components/SiteHeader.astro[0m:[93m368[0m:[93m57[0m - [91merror[0m[90m ts(1381): [0mUnexpected token. Did you mean `{'}'}` or `&rbrace;`?

[7m368[0m           headers: { 'Content-Type': 'application/json' },
[7m   [0m [91m                                                        ~[0m
[96msrc/components/SiteHeader.astro[0m:[93m368[0m:[93m36[0m - [91merror[0m[90m ts(1005): [0m'}' expected.

[7m368[0m           headers: { 'Content-Type': 'application/json' },
[7m   [0m [91m                                   ~[0m
[96msrc/components/SiteHeader.astro[0m:[93m366[0m:[93m17[0m - [91merror[0m[90m ts(1005): [0m'}' expected.

[7m366[0m           method: 'POST',
[7m   [0m [91m                ~[0m
[96msrc/components/SiteHeader.astro[0m:[93m365[0m:[93m9[0m - [91merror[0m[90m ts(1109): [0mExpression expected.

[7m365[0m         const response = await fetch('/api/auth/login', {
[7m   [0m [91m        ~~~~~[0m
[96msrc/components/SiteHeader.astro[0m:[93m357[0m:[93m29[0m - [91merror[0m[90m ts(1005): [0m'}' expected.

[7m357[0m       event.preventDefault();
[7m   [0m [91m                            ~[0m
[96msrc/components/SiteHeader.astro[0m:[93m356[0m:[93m58[0m - [91merror[0m[90m ts(1382): [0mUnexpected token. Did you mean `{'>'}` or `&gt;`?

[7m356[0m     loginForm?.addEventListener('submit', async (event) => {
[7m   [0m [91m                                                         ~[0m
[96msrc/components/SiteHeader.astro[0m:[93m352[0m:[93m37[0m - [91merror[0m[90m ts(1382): [0mUnexpected token. Did you mean `{'>'}` or `&gt;`?

[7m352[0m     mobileMenuLinks.forEach((link) => link.addEventListener('click', closeMobileMenu));
[7m   [0m [91m                                    ~[0m
[96msrc/components/SiteHeader.astro[0m:[93m346[0m:[93m77[0m - [91merror[0m[90m ts(1381): [0mUnexpected token. Did you mean `{'}'}` or `&rbrace;`?

[7m346[0m     window.addEventListener('resize', handleViewportChange, { passive: true });
[7m   [0m [91m                                                                            ~[0m
[96msrc/components/SiteHeader.astro[0m:[93m346[0m:[93m70[0m - [91merror[0m[90m ts(1005): [0m'}' expected.

[7m346[0m     window.addEventListener('resize', handleViewportChange, { passive: true });
[7m   [0m [91m                                                                     ~[0m
[96msrc/components/SiteHeader.astro[0m:[93m345[0m:[93m67[0m - [91merror[0m[90m ts(1381): [0mUnexpected token. Did you mean `{'}'}` or `&rbrace;`?

[7m345[0m     window.addEventListener('scroll', syncHeader, { passive: true });
[7m   [0m [91m                                                                  ~[0m
[96msrc/components/SiteHeader.astro[0m:[93m345[0m:[93m60[0m - [91merror[0m[90m ts(1005): [0m'}' expected.

[7m345[0m     window.addEventListener('scroll', syncHeader, { passive: true });
[7m   [0m [91m                                                           ~[0m
[96msrc/components/SiteHeader.astro[0m:[93m343[0m:[93m5[0m - [91merror[0m[90m ts(1381): [0mUnexpected token. Did you mean `{'}'}` or `&rbrace;`?

[7m343[0m     };
[7m   [0m [91m    ~[0m
[96msrc/components/SiteHeader.astro[0m:[93m342[0m:[93m7[0m - [91merror[0m[90m ts(1381): [0mUnexpected token. Did you mean `{'}'}` or `&rbrace;`?

[7m342[0m       }
[7m   [0m [91m      ~[0m
[96msrc/components/SiteHeader.astro[0m:[93m341[0m:[93m26[0m - [91merror[0m[90m ts(1005): [0m'}' expected.

[7m341[0m         closeMobileMenu();
[7m   [0m [91m                         ~[0m
[96msrc/components/SiteHeader.astro[0m:[93m340[0m:[93m29[0m - [91merror[0m[90m ts(1382): [0mUnexpected token. Did you mean `{'>'}` or `&gt;`?

[7m340[0m       if (window.innerWidth >= 1180) {
[7m   [0m [91m                            ~[0m
[96msrc/components/SiteHeader.astro[0m:[93m340[0m:[93m7[0m - [91merror[0m[90m ts(1109): [0mExpression expected.

[7m340[0m       if (window.innerWidth >= 1180) {
[7m   [0m [91m      ~~[0m
[96msrc/components/SiteHeader.astro[0m:[93m339[0m:[93m38[0m - [91merror[0m[90m ts(1382): [0mUnexpected token. Did you mean `{'>'}` or `&gt;`?

[7m339[0m     const handleViewportChange = () => {
[7m   [0m [91m                                     ~[0m
[96msrc/components/SiteHeader.astro[0m:[93m337[0m:[93m5[0m - [91merror[0m[90m ts(1381): [0mUnexpected token. Did you mean `{'}'}` or `&rbrace;`?

[7m337[0m     };
[7m   [0m [91m    ~[0m
[96msrc/components/SiteHeader.astro[0m:[93m336[0m:[93m7[0m - [91merror[0m[90m ts(1381): [0mUnexpected token. Did you mean `{'}'}` or `&rbrace;`?

[7m336[0m       }
[7m   [0m [91m      ~[0m
[96msrc/components/SiteHeader.astro[0m:[93m335[0m:[93m26[0m - [91merror[0m[90m ts(1005): [0m'}' expected.

[7m335[0m         renderLoggedOut();
[7m   [0m [91m                         ~[0m
[96msrc/components/SiteHeader.astro[0m:[93m334[0m:[93m7[0m - [91merror[0m[90m ts(1381): [0mUnexpected token. Did you mean `{'}'}` or `&rbrace;`?

[7m334[0m       } catch {
[7m   [0m [91m      ~[0m
[96msrc/components/SiteHeader.astro[0m:[93m331[0m:[93m9[0m - [91merror[0m[90m ts(1381): [0mUnexpected token. Did you mean `{'}'}` or `&rbrace;`?

[7m331[0m         }
[7m   [0m [91m        ~[0m
[96msrc/components/SiteHeader.astro[0m:[93m329[0m:[93m28[0m - [91merror[0m[90m ts(1005): [0m'}' expected.

[7m329[0m           renderLoggedOut();
[7m   [0m [91m                           ~[0m
[96msrc/components/SiteHeader.astro[0m:[93m327[0m:[93m79[0m - [91merror[0m[90m ts(1381): [0mUnexpected token. Did you mean `{'}'}` or `&rbrace;`?

[7m327[0m         const response = await fetch('/api/auth/me', { credentials: 'include' });
[7m   [0m [91m                                                                              ~[0m
[96msrc/components/SiteHeader.astro[0m:[93m327[0m:[93m67[0m - [91merror[0m[90m ts(1005): [0m'}' expected.

[7m327[0m         const response = await fetch('/api/auth/me', { credentials: 'include' });
[7m   [0m [91m                                                                  ~[0m
[96msrc/components/SiteHeader.astro[0m:[93m327[0m:[93m9[0m - [91merror[0m[90m ts(1109): [0mExpression expected.

[7m327[0m         const response = await fetch('/api/auth/me', { credentials: 'include' });
[7m   [0m [91m        ~~~~~[0m
[96msrc/components/SiteHeader.astro[0m:[93m326[0m:[93m7[0m - [91merror[0m[90m ts(1109): [0mExpression expected.

[7m326[0m       try {
[7m   [0m [91m      ~~~[0m
[96msrc/components/SiteHeader.astro[0m:[93m325[0m:[93m37[0m - [91merror[0m[90m ts(1382): [0mUnexpected token. Did you mean `{'>'}` or `&gt;`?

[7m325[0m     const loadAuthState = async () => {
[7m   [0m [91m                                    ~[0m
[96msrc/components/SiteHeader.astro[0m:[93m323[0m:[93m5[0m - [91merror[0m[90m ts(1381): [0mUnexpected token. Did you mean `{'}'}` or `&rbrace;`?

[7m323[0m     };
[7m   [0m [91m    ~[0m
[96msrc/components/SiteHeader.astro[0m:[93m322[0m:[93m7[0m - [91merror[0m[90m ts(1381): [0mUnexpected token. Did you mean `{'}'}` or `&rbrace;`?

[7m322[0m       });
[7m   [0m [91m      ~[0m
[96msrc/components/SiteHeader.astro[0m:[93m320[0m:[93m84[0m - [91merror[0m[90m ts(1005): [0m'}' expected.

[7m320[0m         await fetch('/api/auth/logout', { method: 'POST', credentials: 'include' });
[7m   [0m [91m                                                                                   ~[0m
[96msrc/components/SiteHeader.astro[0m:[93m319[0m:[93m98[0m - [91merror[0m[90m ts(1382): [0mUnexpected token. Did you mean `{'>'}` or `&gt;`?

[7m319[0m       desktopAuthContainer?.querySelector('#logout-button')?.addEventListener('click', async () => {
[7m   [0m [91m                                                                                                 ~[0m
[96msrc/components/SiteHeader.astro[0m:[93m317[0m:[93m7[0m - [91merror[0m[90m ts(1381): [0mUnexpected token. Did you mean `{'}'}` or `&rbrace;`?

[7m317[0m       }
[7m   [0m [91m      ~[0m
[96msrc/components/SiteHeader.astro[0m:[93m316[0m:[93m10[0m - [91merror[0m[90m ts(1005): [0m'}' expected.

[7m316[0m         `;
[7m   [0m [91m         ~[0m
[96msrc/components/SiteHeader.astro[0m:[93m307[0m:[93m7[0m - [91merror[0m[90m ts(1381): [0mUnexpected token. Did you mean `{'}'}` or `&rbrace;`?

[7m307[0m       }
[7m   [0m [91m      ~[0m
[96msrc/components/SiteHeader.astro[0m:[93m306[0m:[93m8[0m - [91merror[0m[90m ts(1005): [0m'}' expected.

[7m306[0m       `;
[7m   [0m [91m       ~[0m
[96msrc/components/SiteHeader.astro[0m:[93m291[0m:[93m7[0m - [91merror[0m[90m ts(1109): [0mExpression expected.

[7m291[0m       const panelHref = user?.is_admin ? '/administrator' : '/panel';
[7m   [0m [91m      ~~~~~[0m
[96msrc/components/SiteHeader.astro[0m:[93m290[0m:[93m36[0m - [91merror[0m[90m ts(1382): [0mUnexpected token. Did you mean `{'>'}` or `&gt;`?

[7m290[0m     const renderLoggedIn = (user) => {
[7m   [0m [91m                                   ~[0m
[96msrc/components/SiteHeader.astro[0m:[93m288[0m:[93m5[0m - [91merror[0m[90m ts(1381): [0mUnexpected token. Did you mean `{'}'}` or `&rbrace;`?

[7m288[0m     };
[7m   [0m [91m    ~[0m
[96msrc/components/SiteHeader.astro[0m:[93m286[0m:[93m7[0m - [91merror[0m[90m ts(1381): [0mUnexpected token. Did you mean `{'}'}` or `&rbrace;`?

[7m286[0m       }
[7m   [0m [91m      ~[0m
[96msrc/components/SiteHeader.astro[0m:[93m285[0m:[93m62[0m - [91merror[0m[90m ts(1005): [0m'}' expected.

[7m285[0m         mobileAuthContainer.innerHTML = loggedOutMobileMarkup;
[7m   [0m [91m                                                             ~[0m
[96msrc/components/SiteHeader.astro[0m:[93m283[0m:[93m7[0m - [91merror[0m[90m ts(1381): [0mUnexpected token. Did you mean `{'}'}` or `&rbrace;`?

[7m283[0m       }
[7m   [0m [91m      ~[0m
[96msrc/components/SiteHeader.astro[0m:[93m282[0m:[93m64[0m - [91merror[0m[90m ts(1005): [0m'}' expected.

[7m282[0m         desktopAuthContainer.innerHTML = loggedOutDesktopMarkup;
[7m   [0m [91m                                                               ~[0m
[96msrc/components/SiteHeader.astro[0m:[93m281[0m:[93m7[0m - [91merror[0m[90m ts(1109): [0mExpression expected.

[7m281[0m       if (desktopAuthContainer) {
[7m   [0m [91m      ~~[0m
[96msrc/components/SiteHeader.astro[0m:[93m280[0m:[93m33[0m - [91merror[0m[90m ts(1382): [0mUnexpected token. Did you mean `{'>'}` or `&gt;`?

[7m280[0m     const renderLoggedOut = () => {
[7m   [0m [91m                                ~[0m
[96msrc/components/SiteHeader.astro[0m:[93m278[0m:[93m5[0m - [91merror[0m[90m ts(1381): [0mUnexpected token. Did you mean `{'}'}` or `&rbrace;`?

[7m278[0m     };
[7m   [0m [91m    ~[0m
[96msrc/components/SiteHeader.astro[0m:[93m276[0m:[93m94[0m - [91merror[0m[90m ts(1005): [0m'}' expected.

[7m276[0m       document.getElementById('login-open-button')?.addEventListener('click', openLoginModal);
[7m   [0m [91m                                                                                             ~[0m
[96msrc/components/SiteHeader.astro[0m:[93m275[0m:[93m38[0m - [91merror[0m[90m ts(1382): [0mUnexpected token. Did you mean `{'>'}` or `&gt;`?

[7m275[0m     const bindLoginOpenButtons = () => {
[7m   [0m [91m                                     ~[0m
[96msrc/components/SiteHeader.astro[0m:[93m257[0m:[93m5[0m - [91merror[0m[90m ts(1381): [0mUnexpected token. Did you mean `{'}'}` or `&rbrace;`?

[7m257[0m     };
[7m   [0m [91m    ~[0m
[96msrc/components/SiteHeader.astro[0m:[93m256[0m:[93m7[0m - [91merror[0m[90m ts(1381): [0mUnexpected token. Did you mean `{'}'}` or `&rbrace;`?

[7m256[0m       }
[7m   [0m [91m      ~[0m
[96msrc/components/SiteHeader.astro[0m:[93m254[0m:[93m36[0m - [91merror[0m[90m ts(1005): [0m'}' expected.

[7m254[0m         loginError.textContent = '';
[7m   [0m [91m                                   ~[0m
[96msrc/components/SiteHeader.astro[0m:[93m250[0m:[93m7[0m - [91merror[0m[90m ts(1109): [0mExpression expected.

[7m250[0m       if (!loginModal) return;
[7m   [0m [91m      ~~[0m
[96msrc/components/SiteHeader.astro[0m:[93m249[0m:[93m33[0m - [91merror[0m[90m ts(1382): [0mUnexpected token. Did you mean `{'>'}` or `&gt;`?

[7m249[0m     const closeLoginModal = () => {
[7m   [0m [91m                                ~[0m
[96msrc/components/SiteHeader.astro[0m:[93m247[0m:[93m5[0m - [91merror[0m[90m ts(1381): [0mUnexpected token. Did you mean `{'}'}` or `&rbrace;`?

[7m247[0m     };
[7m   [0m [91m    ~[0m
[96msrc/components/SiteHeader.astro[0m:[93m244[0m:[93m7[0m - [91merror[0m[90m ts(1109): [0mExpression expected.

[7m244[0m       if (!loginModal) return;
[7m   [0m [91m      ~~[0m
[96msrc/components/SiteHeader.astro[0m:[93m243[0m:[93m32[0m - [91merror[0m[90m ts(1382): [0mUnexpected token. Did you mean `{'>'}` or `&gt;`?

[7m243[0m     const openLoginModal = () => {
[7m   [0m [91m                               ~[0m
[96msrc/components/SiteHeader.astro[0m:[93m241[0m:[93m5[0m - [91merror[0m[90m ts(1381): [0mUnexpected token. Did you mean `{'}'}` or `&rbrace;`?

[7m241[0m     };
[7m   [0m [91m    ~[0m
[96msrc/components/SiteHeader.astro[0m:[93m239[0m:[93m43[0m - [91merror[0m[90m ts(1005): [0m'}' expected.

[7m239[0m       isMobileMenuOpen = !isMobileMenuOpen;
[7m   [0m [91m                                          ~[0m
[96msrc/components/SiteHeader.astro[0m:[93m238[0m:[93m34[0m - [91merror[0m[90m ts(1382): [0mUnexpected token. Did you mean `{'>'}` or `&gt;`?

[7m238[0m     const toggleMobileMenu = () => {
[7m   [0m [91m                                 ~[0m
[96msrc/components/SiteHeader.astro[0m:[93m236[0m:[93m5[0m - [91merror[0m[90m ts(1381): [0mUnexpected token. Did you mean `{'}'}` or `&rbrace;`?

[7m236[0m     };
[7m   [0m [91m    ~[0m
[96msrc/components/SiteHeader.astro[0m:[93m233[0m:[93m7[0m - [91merror[0m[90m ts(1109): [0mExpression expected.

[7m233[0m       if (!isMobileMenuOpen) return;
[7m   [0m [91m      ~~[0m
[96msrc/components/SiteHeader.astro[0m:[93m232[0m:[93m33[0m - [91merror[0m[90m ts(1382): [0mUnexpected token. Did you mean `{'>'}` or `&gt;`?

[7m232[0m     const closeMobileMenu = () => {
[7m   [0m [91m                                ~[0m
[96msrc/components/SiteHeader.astro[0m:[93m230[0m:[93m5[0m - [91merror[0m[90m ts(1381): [0mUnexpected token. Did you mean `{'}'}` or `&rbrace;`?

[7m230[0m     };
[7m   [0m [91m    ~[0m
[96msrc/components/SiteHeader.astro[0m:[93m207[0m:[93m7[0m - [91merror[0m[90m ts(1109): [0mExpression expected.

[7m207[0m       if (!mobileMenuToggle || !mobileMenuPanel || !mobileMenuBackdrop) return;
[7m   [0m [91m      ~~[0m
[96msrc/components/SiteHeader.astro[0m:[93m206[0m:[93m37[0m - [91merror[0m[90m ts(1382): [0mUnexpected token. Did you mean `{'>'}` or `&gt;`?

[7m206[0m     const syncMobileMenuState = () => {
[7m   [0m [91m                                    ~[0m
[96msrc/components/SiteHeader.astro[0m:[93m204[0m:[93m5[0m - [91merror[0m[90m ts(1381): [0mUnexpected token. Did you mean `{'}'}` or `&rbrace;`?

[7m204[0m     };
[7m   [0m [91m    ~[0m
[96msrc/components/SiteHeader.astro[0m:[93m197[0m:[93m41[0m - [91merror[0m[90m ts(1382): [0mUnexpected token. Did you mean `{'>'}` or `&gt;`?

[7m197[0m       const isScrolled = window.scrollY > 20;
[7m   [0m [91m                                        ~[0m
[96msrc/components/SiteHeader.astro[0m:[93m196[0m:[93m7[0m - [91merror[0m[90m ts(1109): [0mExpression expected.

[7m196[0m       if (!header) return;
[7m   [0m [91m      ~~[0m
[96msrc/components/SiteHeader.astro[0m:[93m195[0m:[93m28[0m - [91merror[0m[90m ts(1382): [0mUnexpected token. Did you mean `{'>'}` or `&gt;`?

[7m195[0m     const syncHeader = () => {
[7m   [0m [91m                           ~[0m
[96msrc/components/SiteHeader.astro[0m:[93m104[0m:[93m5[0m - [91merror[0m[90m ts(17002): [0mExpected corresponding JSX closing tag for 'Fragment'.

[7m104[0m   </header>
[7m   [0m [91m    ~~~~~~[0m
[96msrc/components/SiteHeader.astro[0m:[93m103[0m:[93m10[0m - [91merror[0m[90m ts(1382): [0mUnexpected token. Did you mean `{'>'}` or `&gt;`?

[7m103[0m     </div>
[7m   [0m [91m         ~[0m
[96msrc/components/SiteHeader.astro[0m:[93m103[0m:[93m7[0m - [91merror[0m[90m ts(17015): [0mExpected corresponding closing tag for JSX fragment.

[7m103[0m     </div>
[7m   [0m [91m      ~~~[0m
[96msrc/components/SiteHeader.astro[0m:[93m102[0m:[93m9[0m - [91merror[0m[90m ts(17002): [0mExpected corresponding JSX closing tag for 'header'.

[7m102[0m       </div>
[7m   [0m [91m        ~~~[0m
[96msrc/components/SiteHeader.astro[0m:[93m76[0m:[93m11[0m - [91merror[0m[90m ts(17002): [0mExpected corresponding JSX closing tag for 'div'.

[7m76[0m         </nav>
[7m  [0m [91m          ~~~[0m
[96msrc/components/SiteHeader.astro[0m:[93m66[0m:[93m13[0m - [91merror[0m[90m ts(17002): [0mExpected corresponding JSX closing tag for 'nav'.

[7m66[0m           </a>
[7m  [0m [91m            ~[0m
[96msrc/components/SiteHeader.astro[0m:[93m65[0m:[93m15[0m - [91merror[0m[90m ts(17002): [0mExpected corresponding JSX closing tag for 'div'.

[7m65[0m             </span>
[7m  [0m [91m              ~~~~[0m
[96msrc/components/SiteHeader.astro[0m:[93m61[0m:[93m17[0m - [91merror[0m[90m ts(17002): [0mExpected corresponding JSX closing tag for 'a'.

[7m61[0m               </span>
[7m  [0m [91m                ~~~~[0m
[96msrc/components/SiteHeader.astro[0m:[93m61[0m:[93m15[0m - [91merror[0m[90m ts(1005): [0m'}' expected.

[7m61[0m               </span>
[7m  [0m [91m              ~~[0m
[96msrc/components/SiteHeader.astro[0m:[93m59[0m:[93m259[0m - [91merror[0m[90m ts(1005): [0m',' expected.

[7m59[0m               <span class="circle absolute left-0 top-0 z-0 block h-[54px] w-[54px] rounded-[40%_60%_70%_30%/40%_50%_60%_50%] bg-gold transition-all duration-500 ease-[cubic-bezier(0.65,0,0.076,1)] group-hover:w-full group-hover:rounded-[1.7rem]" aria-hidden="true">
[7m  [0m [91m                                                                                                                                                                                                                                                                  ~[0m
[96msrc/components/SiteHeader.astro[0m:[93m59[0m:[93m248[0m - [91merror[0m[90m ts(1005): [0m',' expected.

[7m59[0m               <span class="circle absolute left-0 top-0 z-0 block h-[54px] w-[54px] rounded-[40%_60%_70%_30%/40%_50%_60%_50%] bg-gold transition-all duration-500 ease-[cubic-bezier(0.65,0,0.076,1)] group-hover:w-full group-hover:rounded-[1.7rem]" aria-hidden="true">
[7m  [0m [91m                                                                                                                                                                                                                                                       ~~~~[0m
[96msrc/components/SiteHeader.astro[0m:[93m59[0m:[93m26[0m - [91merror[0m[90m ts(1005): [0m'{' expected.

[7m59[0m               <span class="circle absolute left-0 top-0 z-0 block h-[54px] w-[54px] rounded-[40%_60%_70%_30%/40%_50%_60%_50%] bg-gold transition-all duration-500 ease-[cubic-bezier(0.65,0,0.076,1)] group-hover:w-full group-hover:rounded-[1.7rem]" aria-hidden="true">
[7m  [0m [91m                         ~[0m
[96msrc/components/SiteHeader.astro[0m:[93m59[0m:[93m21[0m - [91merror[0m[90m ts(1005): [0m',' expected.

[7m59[0m               <span class="circle absolute left-0 top-0 z-0 block h-[54px] w-[54px] rounded-[40%_60%_70%_30%/40%_50%_60%_50%] bg-gold transition-all duration-500 ease-[cubic-bezier(0.65,0,0.076,1)] group-hover:w-full group-hover:rounded-[1.7rem]" aria-hidden="true">
[7m  [0m [91m                    ~~~~~[0m
[96msrc/components/SiteHeader.astro[0m:[93m58[0m:[93m138[0m - [91merror[0m[90m ts(1002): [0mUnterminated string literal.

[7m58[0m               'group relative inline-flex h-[54px] min-w-[14rem] w-auto cursor-pointer items-center justify-start border-0 outline-none">
[7m  [0m [91m                                                                                                                                         [0m

[96msrc/layouts/BaseLayout.astro[0m:[93m94[0m:[93m15[0m - [93mwarning[0m[90m astro(4000): [0mThis script will be treated as if it has the `is:inline` directive because it contains an attribute. Therefore, features that require processing (e.g. using TypeScript or npm packages in the script) are unavailable.

See docs for more details: https://docs.astro.build/en/guides/client-side-scripts/#script-processing.

Add the `is:inline` directive explicitly to silence this hint.

[7m94[0m       <script type="application/ld+json" set:html={JSON.stringify(schema)}></script>
[7m  [0m [93m              ~~~~[0m

[96msrc/pages/administrator/product/[id].astro[0m:[93m7[0m:[93m34[0m - [93mwarning[0m[90m ts(7044): [0mParameter 'id' implicitly has an 'any' type, but a better type may be inferred from usage.

[7m7[0m   return getAllProductIds().map((id) => ({
[7m [0m [93m                                 ~~[0m

[96msrc/pages/[pageSlug].astro[0m:[93m34[0m:[93m7[0m - [93mwarning[0m[90m ts(6133): [0m'offerStructuredData' is declared but its value is never read.

[7m34[0m const offerStructuredData = page?.page_key === 'offer'
[7m  [0m [93m      ~~~~~~~~~~~~~~~~~~~[0m
[96msrc/pages/[pageSlug].astro[0m:[93m6[0m:[93m1[0m - [93mwarning[0m[90m ts(6133): [0m'OfferPageContent' is declared but its value is never read.

[7m6[0m import OfferPageContent from '../components/pages/OfferPageContent.astro';
[7m [0m [93m~~~~~~~~~~~~~~~~~~~~~~~~~~~~~~~~~~~~~~~~~~~~~~~~~~~~~~~~~~~~~~~~~~~~~~~~~~[0m

Result (38 files): 
- 128 errors
- 0 warnings
- 31 hints

